******************************************************************************
             TMS320C2000 Linker PC v20.2.1                     
******************************************************************************
>> Linked Mon Oct  7 13:10:30 2024

OUTPUT FILE NAME:   <C:/Users/lisheng/Desktop/PROJ/21C852-0/PMControl_For28335_20231107_LQ/PMControl_For28335_20231107_LQ/Based/../Debug/Based.out>
ENTRY POINT SYMBOL: "_c_int00"  address: 003231eb


MEMORY CONFIGURATION

         name            origin    length      used     unused   attr    fill
----------------------  --------  ---------  --------  --------  ----  --------
PAGE 0:
  PRAML01234            00008000   00005000  00002526  00002ada  RWIX
  FLASHE                00318000   00008000  00000806  000077fa  RWIX
  FLASHCD               00320000   00010000  00005f46  0000a0ba  RWIX
  FLASHA                00338000   00007f80  00000000  00007f80  RWIX
  CSM_RSVD              0033ff80   00000076  00000076  00000000  RWIX
  BEGIN                 0033fff6   00000002  00000002  00000000  RWIX
  CSM_PWL               0033fff8   00000008  00000008  00000000  RWIX
  ADC_CAL               00380080   00000009  00000007  00000002  RWIX
  OTP                   00380400   00000400  00000000  00000400  RWIX
  IQTABLES              003fe000   00000b50  00000b50  00000000  RWIX
  IQTABLES2             003feb50   0000008c  00000000  0000008c  RWIX
  FPUTABLES             003febdc   000006a0  00000000  000006a0  RWIX
  ROM                   003ff27c   00000d44  00000000  00000d44  RWIX
  RESET                 003fffc0   00000002  00000000  00000002  RWIX
  VECTORS               003fffc2   0000003e  00000000  0000003e  RWIX

PAGE 1:
  BOOT_RSVD             00000000   00000050  00000000  00000050  RWIX
  RAMM0                 00000050   000003b0  00000000  000003b0  RWIX
  RAMM1                 00000400   00000400  00000400  00000000  RWIX
  DEV_EMU               00000880   00000180  000000d0  000000b0  RWIX
  FLASH_REGS            00000a80   00000060  00000008  00000058  RWIX
  CSM                   00000ae0   00000010  00000010  00000000  RWIX
  ADC_MIRROR            00000b00   00000010  00000010  00000000  RWIX
  XINTF                 00000b20   00000020  0000001e  00000002  RWIX
  CPU_TIMER0            00000c00   00000008  00000008  00000000  RWIX
  CPU_TIMER1            00000c08   00000008  00000008  00000000  RWIX
  CPU_TIMER2            00000c10   00000008  00000008  00000000  RWIX
  PIE_CTRL              00000ce0   00000020  0000001a  00000006  RWIX
  PIE_VECT              00000d00   00000100  00000100  00000000  RWIX
  DMA                   00001000   00000200  000000e0  00000120  RWIX
  MCBSPA                00005000   00000040  00000025  0000001b  RWIX
  MCBSPB                00005040   00000040  00000025  0000001b  RWIX
  ECANA                 00006000   00000040  00000034  0000000c  RWIX
  ECANA_LAM             00006040   00000040  00000040  00000000  RWIX
  ECANA_MOTS            00006080   00000040  00000040  00000000  RWIX
  ECANA_MOTO            000060c0   00000040  00000040  00000000  RWIX
  ECANA_MBOX            00006100   00000100  00000100  00000000  RWIX
  ECANB                 00006200   00000040  00000034  0000000c  RWIX
  ECANB_LAM             00006240   00000040  00000040  00000000  RWIX
  ECANB_MOTS            00006280   00000040  00000040  00000000  RWIX
  ECANB_MOTO            000062c0   00000040  00000040  00000000  RWIX
  ECANB_MBOX            00006300   00000100  00000100  00000000  RWIX
  EPWM1                 00006800   00000022  00000022  00000000  RWIX
  EPWM2                 00006840   00000022  00000022  00000000  RWIX
  EPWM3                 00006880   00000022  00000022  00000000  RWIX
  EPWM4                 000068c0   00000022  00000022  00000000  RWIX
  EPWM5                 00006900   00000022  00000022  00000000  RWIX
  EPWM6                 00006940   00000022  00000022  00000000  RWIX
  ECAP1                 00006a00   00000020  00000020  00000000  RWIX
  ECAP2                 00006a20   00000020  00000020  00000000  RWIX
  ECAP3                 00006a40   00000020  00000020  00000000  RWIX
  ECAP4                 00006a60   00000020  00000020  00000000  RWIX
  ECAP5                 00006a80   00000020  00000020  00000000  RWIX
  ECAP6                 00006aa0   00000020  00000020  00000000  RWIX
  EQEP1                 00006b00   00000040  00000040  00000000  RWIX
  EQEP2                 00006b40   00000040  00000040  00000000  RWIX
  GPIOCTRL              00006f80   00000040  0000002e  00000012  RWIX
  GPIODAT               00006fc0   00000020  00000020  00000000  RWIX
  GPIOINT               00006fe0   00000020  0000000a  00000016  RWIX
  SYSTEM                00007010   00000020  00000020  00000000  RWIX
  SPIA                  00007040   00000010  00000010  00000000  RWIX
  SCIA                  00007050   00000010  00000010  00000000  RWIX
  XINTRUPT              00007070   00000010  00000010  00000000  RWIX
  ADC                   00007100   00000020  0000001e  00000002  RWIX
  SCIB                  00007750   00000010  00000010  00000000  RWIX
  SCIC                  00007770   00000010  00000010  00000000  RWIX
  I2CA                  00007900   00000040  00000022  0000001e  RWIX
  DRAML5                0000d000   00001000  00000180  00000e80  RWIX
  DRAML6L7              0000e000   00002000  00000b70  00001490  RWIX
  DATA_ZONE6            00100000   00080000  00000000  00080000  RWIX
  DATA_ZONE7            00220000   00080000  00000000  00080000  RWIX
  CSM_PWL               0033fff8   00000008  00000008  00000000  RWIX
  PARTID                00380090   00000001  00000001  00000000  RWIX


SECTION ALLOCATION MAP

 output                                  attributes/
section   page    origin      length       input sections
--------  ----  ----------  ----------   ----------------
.table     0    00318000    00000806     
                  00318000    00000806     Table.obj (.table)

ramfuncs   0    0032334e    000023f6     RUN ADDR = 00008000
                  0032334e    00000e30     App_Control.obj (ramfuncs)
                  0032417e    00000509     App_Scib.obj (ramfuncs)
                  00324687    0000040b     F2812_eCAN.obj (ramfuncs)
                  00324a92    000003e0     F2812_eCAN.obj (ramfuncs:retain)
                  00324e72    00000394     App_Ev.obj (ramfuncs)
                  00325206    0000014e     App_Spi.obj (ramfuncs)
                  00325354    00000107     App_Ref_Trans.obj (ramfuncs)
                  0032545b    000000cd     App_AD_RDC.obj (ramfuncs)
                  00325528    00000094     App_Arith.obj (ramfuncs)
                  003255bc    00000092     App_PI.obj (ramfuncs)
                  0032564e    0000006d     F28335_Initialize.obj (ramfuncs)
                  003256bb    00000069     App_IsrFunction.obj (ramfuncs:retain)
                  00325724    0000001c     App_Scib.obj (ramfuncs:retain)
                  00325740    00000004     F28335_AsmCode.obj (ramfuncs)

.cinit     0    00325744    00000682     
                  00325744    0000060c     App_Main.obj (.cinit)
                  00325d50    0000001e     App_Control.obj (.cinit)
                  00325d6e    0000000e     rts2800_ml.lib : exit.obj (.cinit)
                  00325d7c    0000000a     App_AD_RDC.obj (.cinit)
                  00325d86    0000000a     rts2800_ml.lib : _lock.obj (.cinit)
                  00325d90    00000004     App_Main.obj (.cinit:_CAN_BUFFER_CTRL)
                  00325d94    00000004     App_Main.obj (.cinit:_CAN_BUFFER_CTRL_N)
                  00325d98    00000004     App_Main.obj (.cinit:_CAN_BUFFER_RT)
                  00325d9c    00000004     App_Main.obj (.cinit:_CAN_BUFFER_RX)
                  00325da0    00000004     App_Main.obj (.cinit:_CAN_BUFFER_TX)
                  00325da4    00000004     App_Main.obj (.cinit:_CAN_CHANGE_CTRL)
                  00325da8    00000004     App_Main.obj (.cinit:_CAN_SET_VALUE)
                  00325dac    00000004     App_Main.obj (.cinit:_EEPROM_BUFFER)
                  00325db0    00000004     App_Main.obj (.cinit:_RX_BUFFER)
                  00325db4    00000004     App_Main.obj (.cinit:_SCI_RX_ALLBUFFER)
                  00325db8    00000004     App_Main.obj (.cinit:_SCI_RX_BUFFER)
                  00325dbc    00000004     App_Main.obj (.cinit:_SCI_TX_BUFFER)
                  00325dc0    00000004     App_Main.obj (.cinit:_TX_BUFFER)
                  00325dc4    00000002     --HOLE-- [fill = 0]

IQmath     0    00325dc6    00000130     RUN ADDR = 0000a3f6
                  00325dc6    00000060     IQmath.lib : IQ20mag.obj (IQmath)
                  00325e26    00000047                : IQ20div.obj (IQmath)
                  00325e6d    00000029                : IQ20sinPU.obj (IQmath)
                  00325e96    00000027                : IQ20cosPU.obj (IQmath)
                  00325ebd    00000014                : IQ15toF.obj (IQmath)
                  00325ed1    00000011                : IQ20mpyI32int.obj (IQmath)
                  00325ee2    0000000b                : IQ20frac.obj (IQmath)
                  00325eed    00000009                : IQ20int.obj (IQmath)

csm_rsvd   0    0033ff80    00000076     
                  0033ff80    00000076     F28335_CSMPasswords.obj (csm_rsvd)

codestart 
*          0    0033fff6    00000002     
                  0033fff6    00000002     F28335_AsmCode.obj (codestart)

DevEmuRegsFile 
*          1    00000880    000000d0     UNINITIALIZED
                  00000880    000000d0     F28335_GlobalVariableDefs.obj (DevEmuRegsFile)

FlashRegsFile 
*          1    00000a80    00000008     UNINITIALIZED
                  00000a80    00000008     F28335_GlobalVariableDefs.obj (FlashRegsFile)

CsmRegsFile 
*          1    00000ae0    00000010     UNINITIALIZED
                  00000ae0    00000010     F28335_GlobalVariableDefs.obj (CsmRegsFile)

AdcMirrorFile 
*          1    00000b00    00000010     UNINITIALIZED
                  00000b00    00000010     F28335_GlobalVariableDefs.obj (AdcMirrorFile)

XintfRegsFile 
*          1    00000b20    0000001e     UNINITIALIZED
                  00000b20    0000001e     F28335_GlobalVariableDefs.obj (XintfRegsFile)

CpuTimer0RegsFile 
*          1    00000c00    00000008     UNINITIALIZED
                  00000c00    00000008     F28335_GlobalVariableDefs.obj (CpuTimer0RegsFile)

CpuTimer1RegsFile 
*          1    00000c08    00000008     UNINITIALIZED
                  00000c08    00000008     F28335_GlobalVariableDefs.obj (CpuTimer1RegsFile)

CpuTimer2RegsFile 
*          1    00000c10    00000008     UNINITIALIZED
                  00000c10    00000008     F28335_GlobalVariableDefs.obj (CpuTimer2RegsFile)

PieCtrlRegsFile 
*          1    00000ce0    0000001a     UNINITIALIZED
                  00000ce0    0000001a     F28335_GlobalVariableDefs.obj (PieCtrlRegsFile)

PieVectTableFile 
*          1    00000d00    00000100     UNINITIALIZED
                  00000d00    00000100     F28335_GlobalVariableDefs.obj (PieVectTableFile)

DmaRegsFile 
*          1    00001000    000000e0     UNINITIALIZED
                  00001000    000000e0     F28335_GlobalVariableDefs.obj (DmaRegsFile)

McbspaRegsFile 
*          1    00005000    00000025     UNINITIALIZED
                  00005000    00000025     F28335_GlobalVariableDefs.obj (McbspaRegsFile)

McbspbRegsFile 
*          1    00005040    00000025     UNINITIALIZED
                  00005040    00000025     F28335_GlobalVariableDefs.obj (McbspbRegsFile)

ECanaRegsFile 
*          1    00006000    00000034     UNINITIALIZED
                  00006000    00000034     F28335_GlobalVariableDefs.obj (ECanaRegsFile)

ECanaLAMRegsFile 
*          1    00006040    00000040     UNINITIALIZED
                  00006040    00000040     F28335_GlobalVariableDefs.obj (ECanaLAMRegsFile)

ECanaMOTSRegsFile 
*          1    00006080    00000040     UNINITIALIZED
                  00006080    00000040     F28335_GlobalVariableDefs.obj (ECanaMOTSRegsFile)

ECanaMOTORegsFile 
*          1    000060c0    00000040     UNINITIALIZED
                  000060c0    00000040     F28335_GlobalVariableDefs.obj (ECanaMOTORegsFile)

ECanaMboxesFile 
*          1    00006100    00000100     UNINITIALIZED
                  00006100    00000100     F28335_GlobalVariableDefs.obj (ECanaMboxesFile)

ECanbRegsFile 
*          1    00006200    00000034     UNINITIALIZED
                  00006200    00000034     F28335_GlobalVariableDefs.obj (ECanbRegsFile)

ECanbLAMRegsFile 
*          1    00006240    00000040     UNINITIALIZED
                  00006240    00000040     F28335_GlobalVariableDefs.obj (ECanbLAMRegsFile)

ECanbMOTSRegsFile 
*          1    00006280    00000040     UNINITIALIZED
                  00006280    00000040     F28335_GlobalVariableDefs.obj (ECanbMOTSRegsFile)

ECanbMOTORegsFile 
*          1    000062c0    00000040     UNINITIALIZED
                  000062c0    00000040     F28335_GlobalVariableDefs.obj (ECanbMOTORegsFile)

ECanbMboxesFile 
*          1    00006300    00000100     UNINITIALIZED
                  00006300    00000100     F28335_GlobalVariableDefs.obj (ECanbMboxesFile)

EPwm1RegsFile 
*          1    00006800    00000022     UNINITIALIZED
                  00006800    00000022     F28335_GlobalVariableDefs.obj (EPwm1RegsFile)

EPwm2RegsFile 
*          1    00006840    00000022     UNINITIALIZED
                  00006840    00000022     F28335_GlobalVariableDefs.obj (EPwm2RegsFile)

EPwm3RegsFile 
*          1    00006880    00000022     UNINITIALIZED
                  00006880    00000022     F28335_GlobalVariableDefs.obj (EPwm3RegsFile)

EPwm4RegsFile 
*          1    000068c0    00000022     UNINITIALIZED
                  000068c0    00000022     F28335_GlobalVariableDefs.obj (EPwm4RegsFile)

EPwm5RegsFile 
*          1    00006900    00000022     UNINITIALIZED
                  00006900    00000022     F28335_GlobalVariableDefs.obj (EPwm5RegsFile)

EPwm6RegsFile 
*          1    00006940    00000022     UNINITIALIZED
                  00006940    00000022     F28335_GlobalVariableDefs.obj (EPwm6RegsFile)

ECap1RegsFile 
*          1    00006a00    00000020     UNINITIALIZED
                  00006a00    00000020     F28335_GlobalVariableDefs.obj (ECap1RegsFile)

ECap2RegsFile 
*          1    00006a20    00000020     UNINITIALIZED
                  00006a20    00000020     F28335_GlobalVariableDefs.obj (ECap2RegsFile)

ECap3RegsFile 
*          1    00006a40    00000020     UNINITIALIZED
                  00006a40    00000020     F28335_GlobalVariableDefs.obj (ECap3RegsFile)

ECap4RegsFile 
*          1    00006a60    00000020     UNINITIALIZED
                  00006a60    00000020     F28335_GlobalVariableDefs.obj (ECap4RegsFile)

ECap5RegsFile 
*          1    00006a80    00000020     UNINITIALIZED
                  00006a80    00000020     F28335_GlobalVariableDefs.obj (ECap5RegsFile)

ECap6RegsFile 
*          1    00006aa0    00000020     UNINITIALIZED
                  00006aa0    00000020     F28335_GlobalVariableDefs.obj (ECap6RegsFile)

EQep1RegsFile 
*          1    00006b00    00000040     UNINITIALIZED
                  00006b00    00000040     F28335_GlobalVariableDefs.obj (EQep1RegsFile)

EQep2RegsFile 
*          1    00006b40    00000040     UNINITIALIZED
                  00006b40    00000040     F28335_GlobalVariableDefs.obj (EQep2RegsFile)

GpioCtrlRegsFile 
*          1    00006f80    0000002e     UNINITIALIZED
                  00006f80    0000002e     F28335_GlobalVariableDefs.obj (GpioCtrlRegsFile)

GpioDataRegsFile 
*          1    00006fc0    00000020     UNINITIALIZED
                  00006fc0    00000020     F28335_GlobalVariableDefs.obj (GpioDataRegsFile)

GpioIntRegsFile 
*          1    00006fe0    0000000a     UNINITIALIZED
                  00006fe0    0000000a     F28335_GlobalVariableDefs.obj (GpioIntRegsFile)

SysCtrlRegsFile 
*          1    00007010    00000020     UNINITIALIZED
                  00007010    00000020     F28335_GlobalVariableDefs.obj (SysCtrlRegsFile)

SpiaRegsFile 
*          1    00007040    00000010     UNINITIALIZED
                  00007040    00000010     F28335_GlobalVariableDefs.obj (SpiaRegsFile)

SciaRegsFile 
*          1    00007050    00000010     UNINITIALIZED
                  00007050    00000010     F28335_GlobalVariableDefs.obj (SciaRegsFile)

XIntruptRegsFile 
*          1    00007070    00000010     UNINITIALIZED
                  00007070    00000010     F28335_GlobalVariableDefs.obj (XIntruptRegsFile)

AdcRegsFile 
*          1    00007100    0000001e     UNINITIALIZED
                  00007100    0000001e     F28335_GlobalVariableDefs.obj (AdcRegsFile)

ScibRegsFile 
*          1    00007750    00000010     UNINITIALIZED
                  00007750    00000010     F28335_GlobalVariableDefs.obj (ScibRegsFile)

ScicRegsFile 
*          1    00007770    00000010     UNINITIALIZED
                  00007770    00000010     F28335_GlobalVariableDefs.obj (ScicRegsFile)

I2caRegsFile 
*          1    00007900    00000022     UNINITIALIZED
                  00007900    00000022     F28335_GlobalVariableDefs.obj (I2caRegsFile)

CsmPwlFile 
*          1    0033fff8    00000008     UNINITIALIZED
                  0033fff8    00000008     F28335_GlobalVariableDefs.obj (CsmPwlFile)

PartIdRegsFile 
*          1    00380090    00000001     UNINITIALIZED
                  00380090    00000001     F28335_GlobalVariableDefs.obj (PartIdRegsFile)

.pinit     0    00320000    00000000     UNINITIALIZED

.text      0    00320000    0000334e     
                  00320000    000010a6     App_MainLoop.obj (.text)
                  003210a6    00000eba     F2812_eCAN.obj (.text)
                  00321f60    00000a0d     App_Scib.obj (.text)
                  0032296d    0000023e     F28335_InitECan.obj (.text)
                  00322bab    00000218     F28335_InitGpio.obj (.text)
                  00322dc3    000001bf     F28335_Initialize.obj (.text)
                  00322f82    00000141     F28335_InitEPwm.obj (.text)
                  003230c3    00000083     Mk_CRC.obj (.text)
                  00323146    0000005a     rts2800_ml.lib : fs_mpy.obj (.text)
                  003231a0    0000004b                    : exit.obj (.text)
                  003231eb    00000046                    : boot.obj (.text)
                  00323231    00000041     App_Main.obj (.text)
                  00323272    0000003d     F28335_InitPie.obj (.text)
                  003232af    0000003b     rts2800_ml.lib : fs_tol.obj (.text)
                  003232ea    00000024     App_Ev.obj (.text:retain)
                  0032330e    00000020     rts2800_ml.lib : fd_tofs.obj (.text)
                  0032332e    0000000f     App_IsrFunction.obj (.text:retain)
                  0032333d    00000009     rts2800_ml.lib : _lock.obj (.text)
                  00323346    00000008     F28335_AsmCode.obj (.text)

.switch    0    00325ef6    00000050     
                  00325ef6    00000028     F2812_eCAN.obj (.switch:_Can_Deal)
                  00325f1e    00000028     App_Scib.obj (.switch:_Cmd_Deal)

csmpasswds 
*          0    0033fff8    00000008     
                  0033fff8    00000008     F28335_CSMPasswords.obj (csmpasswds)

IQmathTables 
*          0    003fe000    00000b50     NOLOAD SECTION
                  003fe000    00000b50     IQmath.lib : IQmathTables.obj (IQmathTables)

.reset     0    003fffc0    00000002     DSECT
                  003fffc0    00000002     rts2800_ml.lib : boot.obj (.reset)

vectors    0    003fffc2    00000000     DSECT

.adc_cal   0    00380080    00000007     NOLOAD SECTION
                  00380080    00000007     F28335_AsmCode.obj (.adc_cal)

.stack     1    00000400    00000400     UNINITIALIZED
                  00000400    00000400     --HOLE--

.ebss      1    0000e000    00000b70     UNINITIALIZED
                  0000e000    000002f4     App_Main.obj (.ebss)
                  0000e2f4    0000000a     App_Control.obj (.ebss)
                  0000e2fe    00000002     --HOLE--
                  0000e300    000000dc     App_Main.obj (.ebss:_EEPROM_BUFFER)
                  0000e3dc    00000008     App_Main.obj (.ebss:_CAN_BUFFER_CTRL)
                  0000e3e4    00000008     App_Main.obj (.ebss:_CAN_BUFFER_RX)
                  0000e3ec    00000008     App_Main.obj (.ebss:_CAN_CHANGE_CTRL)
                  0000e3f4    00000008     App_Main.obj (.ebss:_CAN_SET_VALUE)
                  0000e3fc    00000004     App_AD_RDC.obj (.ebss)
                  0000e400    000000dc     App_Main.obj (.ebss:_RX_BUFFER)
                  0000e4dc    00000004     rts2800_ml.lib : _lock.obj (.ebss)
                  0000e4e0    00000003     App_Spi.obj (.ebss)
                  0000e4e3    0000001d     --HOLE--
                  0000e500    000000dc     App_Main.obj (.ebss:_SCI_RX_ALLBUFFER)
                  0000e5dc    00000024     --HOLE--
                  0000e600    000000dc     App_Main.obj (.ebss:_SCI_RX_BUFFER)
                  0000e6dc    00000024     --HOLE--
                  0000e700    000000dc     App_Main.obj (.ebss:_SCI_TX_BUFFER)
                  0000e7dc    00000024     --HOLE--
                  0000e800    000000dc     App_Main.obj (.ebss:_TX_BUFFER)
                  0000e8dc    00000024     --HOLE--
                  0000e900    00000080     rts2800_ml.lib : exit.obj (.ebss)
                  0000e980    00000066     App_Main.obj (.ebss:_CAN_BUFFER_RT)
                  0000e9e6    0000001a     --HOLE--
                  0000ea00    0000003c     App_Main.obj (.ebss:_ReceData)
                  0000ea3c    00000004     --HOLE--
                  0000ea40    0000003c     App_Main.obj (.ebss:_SCI_ReceData)
                  0000ea7c    00000004     --HOLE--
                  0000ea80    0000003c     App_Main.obj (.ebss:_SCI_SendData)
                  0000eabc    00000004     --HOLE--
                  0000eac0    0000003c     App_Main.obj (.ebss:_SendData)
                  0000eafc    00000004     --HOLE--
                  0000eb00    00000034     App_Main.obj (.ebss:_CAN_BUFFER_TX)
                  0000eb34    0000000c     --HOLE--
                  0000eb40    00000030     App_Main.obj (.ebss:_CAN_BUFFER_CTRL_N)

.dataBuffer1 
*          1    0000d000    00000180     UNINITIALIZED
                  0000d000    00000180     App_Main.obj (.dataBuffer1)

MODULE SUMMARY

       Module                          code    initialized data   uninitialized data
       ------                          ----    ----------------   ------------------
    C:\Users\lisheng\Desktop\PROJ\21C852-0\PMControl_For28335_20231107_LQ\PMControl_For28335_20231107_LQ\Debug\source\
       F2812_eCAN.obj                  7824    40                 0                 
       App_Control.obj                 7264    30                 10                
       App_Scib.obj                    5207    40                 0                 
       App_Main.obj                    65      1600               2934              
       App_MainLoop.obj                4262    0                  0                 
       F28335_GlobalVariableDefs.obj   0       0                  2679              
       Table.obj                       0       2054               0                 
       App_Ev.obj                      1868    0                  0                 
       App_Spi.obj                     668     0                  3                 
       F28335_Initialize.obj           665     0                  0                 
       F28335_InitECan.obj             574     0                  0                 
       F28335_InitGpio.obj             536     0                  0                 
       App_Ref_Trans.obj               526     0                  0                 
       App_AD_RDC.obj                  410     10                 4                 
       F28335_InitEPwm.obj             321     0                  0                 
       App_Arith.obj                   296     0                  0                 
       App_PI.obj                      292     0                  0                 
       App_IsrFunction.obj             225     0                  0                 
       Mk_CRC.obj                      131     0                  0                 
       F28335_CSMPasswords.obj         0       126                0                 
       F28335_InitPie.obj              61      0                  0                 
       F28335_AsmCode.obj              25      0                  0                 
    +--+-------------------------------+-------+------------------+--------------------+
       Total:                          31220   3900               5630              
                                                                                    
    C:/Users/lisheng/Desktop/PROJ/21C852-0/PMControl_For28335_20231107_LQ/PMControl_For28335_20231107_LQ/lib/IQmath.lib
       IQmathTables.obj                0       2896               0                 
       IQ20mag.obj                     0       192                0                 
       IQ20div.obj                     0       142                0                 
       IQ20sinPU.obj                   0       82                 0                 
       IQ20cosPU.obj                   0       78                 0                 
       IQ15toF.obj                     0       40                 0                 
       IQ20mpyI32int.obj               0       34                 0                 
       IQ20frac.obj                    0       22                 0                 
       IQ20int.obj                     0       18                 0                 
    +--+-------------------------------+-------+------------------+--------------------+
       Total:                          0       3504               0                 
                                                                                    
    C:/Users/lisheng/Desktop/PROJ/21C852-0/PMControl_For28335_20231107_LQ/PMControl_For28335_20231107_LQ/lib/rts2800_ml.lib
       exit.obj                        75      14                 128               
       fs_mpy.obj                      90      0                  0                 
       boot.obj                        70      0                  0                 
       fs_tol.obj                      59      0                  0                 
       fd_tofs.obj                     32      0                  0                 
       _lock.obj                       9       10                 4                 
    +--+-------------------------------+-------+------------------+--------------------+
       Total:                          335     24                 132               
                                                                                    
       Stack:                          0       0                  1024              
    +--+-------------------------------+-------+------------------+--------------------+
       Grand Total:                    31555   7428               6786              


GLOBAL DATA SYMBOLS: SORTED BY DATA PAGE

address     data page           name
--------    ----------------    ----
00000880      22 (00000880)     _DevEmuRegs

00000a80      2a (00000a80)     _FlashRegs

00000ae0      2b (00000ac0)     _CsmRegs

00000b00      2c (00000b00)     _AdcMirror
00000b20      2c (00000b00)     _XintfRegs

00000c00      30 (00000c00)     _CpuTimer0Regs
00000c08      30 (00000c00)     _CpuTimer1Regs
00000c10      30 (00000c00)     _CpuTimer2Regs

00000ce0      33 (00000cc0)     _PieCtrlRegs

00000d00      34 (00000d00)     _PieVectTable

00001000      40 (00001000)     _DmaRegs

00005000     140 (00005000)     _McbspaRegs

00005040     141 (00005040)     _McbspbRegs

00006000     180 (00006000)     _ECanaRegs

00006040     181 (00006040)     _ECanaLAMRegs

00006080     182 (00006080)     _ECanaMOTSRegs

000060c0     183 (000060c0)     _ECanaMOTORegs

00006100     184 (00006100)     _ECanaMboxes

00006200     188 (00006200)     _ECanbRegs

00006240     189 (00006240)     _ECanbLAMRegs

00006280     18a (00006280)     _ECanbMOTSRegs

000062c0     18b (000062c0)     _ECanbMOTORegs

00006300     18c (00006300)     _ECanbMboxes

00006800     1a0 (00006800)     _EPwm1Regs

00006840     1a1 (00006840)     _EPwm2Regs

00006880     1a2 (00006880)     _EPwm3Regs

000068c0     1a3 (000068c0)     _EPwm4Regs

00006900     1a4 (00006900)     _EPwm5Regs

00006940     1a5 (00006940)     _EPwm6Regs

00006a00     1a8 (00006a00)     _ECap1Regs
00006a20     1a8 (00006a00)     _ECap2Regs

00006a40     1a9 (00006a40)     _ECap3Regs
00006a60     1a9 (00006a40)     _ECap4Regs

00006a80     1aa (00006a80)     _ECap5Regs
00006aa0     1aa (00006a80)     _ECap6Regs

00006b00     1ac (00006b00)     _EQep1Regs

00006b40     1ad (00006b40)     _EQep2Regs

00006f80     1be (00006f80)     _GpioCtrlRegs

00006fc0     1bf (00006fc0)     _GpioDataRegs
00006fe0     1bf (00006fc0)     _GpioIntRegs

00007010     1c0 (00007000)     _SysCtrlRegs

00007040     1c1 (00007040)     _SpiaRegs
00007050     1c1 (00007040)     _SciaRegs
00007070     1c1 (00007040)     _XIntruptRegs

00007100     1c4 (00007100)     _AdcRegs

00007750     1dd (00007740)     _ScibRegs
00007770     1dd (00007740)     _ScicRegs

00007900     1e4 (00007900)     _I2caRegs

0000a3f6     28f (0000a3c0)     __IQ20mag

0000a456     291 (0000a440)     __IQ20div

0000a49d     292 (0000a480)     __IQ20sinPU

0000a4c6     293 (0000a4c0)     __IQ20cosPU
0000a4ed     293 (0000a4c0)     __IQ15toF

0000a501     294 (0000a500)     __IQ20mpyI32int
0000a512     294 (0000a500)     __IQ20frac
0000a51d     294 (0000a500)     __IQ20int

0000d000     340 (0000d000)     _m_PT_V

0000d040     341 (0000d040)     _m_PT_T

0000d080     342 (0000d080)     _g_pusCrc16

0000e000     380 (0000e000)     _WriteEEProm_Flag
0000e001     380 (0000e000)     _RunAllow_Flag
0000e002     380 (0000e000)     _CanStop_Time
0000e003     380 (0000e000)     _CAN_BUFFER_CTRL_N_index
0000e004     380 (0000e000)     _CAN_BUFFER_CTRL_index
0000e005     380 (0000e000)     _CAN_BUFFER_CTRL_Num
0000e006     380 (0000e000)     _CAN_CONTROL
0000e007     380 (0000e000)     _CAN_Index
0000e008     380 (0000e000)     _Choose_Mche
0000e009     380 (0000e000)     _Choose_Mode
0000e00a     380 (0000e000)     _Board_Num
0000e00b     380 (0000e000)     _Board2_Num
0000e00c     380 (0000e000)     _Control_Period
0000e00d     380 (0000e000)     _Deadtime
0000e00e     380 (0000e000)     _Run_Led_Index
0000e00f     380 (0000e000)     _IdProtect
0000e010     380 (0000e000)     _VeloProtect
0000e011     380 (0000e000)     _IdProtectNum
0000e012     380 (0000e000)     _VeloProtectNum
0000e013     380 (0000e000)     _UdcLowProtect
0000e014     380 (0000e000)     _UdcOverProtect
0000e015     380 (0000e000)     _IdcOverProtect
0000e016     380 (0000e000)     _Temp1OverProtect
0000e017     380 (0000e000)     _Temp2OverProtect
0000e018     380 (0000e000)     _RdcProtect
0000e019     380 (0000e000)     _Rdc2Protect
0000e01a     380 (0000e000)     _Angle_Q16
0000e01b     380 (0000e000)     _Angle0_Q16
0000e01c     380 (0000e000)     _Angle_Init_Digital
0000e01d     380 (0000e000)     _Angle_Init_Fa
0000e01e     380 (0000e000)     _Angle_Fa_Q16
0000e01f     380 (0000e000)     _Velo_Avg_Index
0000e020     380 (0000e000)     _Velo_Calc_flag
0000e021     380 (0000e000)     _ADc_Isa
0000e022     380 (0000e000)     _ADc_Isb
0000e023     380 (0000e000)     _ADc_Isc
0000e024     380 (0000e000)     _ADc_Idc
0000e025     380 (0000e000)     _ADc_Udc
0000e026     380 (0000e000)     _ADc_Temp0
0000e027     380 (0000e000)     _ADc_Temp2
0000e028     380 (0000e000)     _ADc_Temp4
0000e029     380 (0000e000)     _Fault_Flag
0000e02a     380 (0000e000)     _Sys_Flag
0000e02b     380 (0000e000)     _Ctrl_Flag
0000e02c     380 (0000e000)     _Time_Cal
0000e02e     380 (0000e000)     _p_EEProm_Buffer
0000e030     380 (0000e000)     _Vel_Speed
0000e032     380 (0000e000)     _pArcSin
0000e034     380 (0000e000)     _rdc1
0000e036     380 (0000e000)     _rdc2
0000e038     380 (0000e000)     _Velo_Duty
0000e03a     380 (0000e000)     _Velo_Duty0
0000e03c     380 (0000e000)     _K_Velo_Cal
0000e03e     380 (0000e000)     _Idq_Kc

0000e040     381 (0000e040)     _Radq
0000e042     381 (0000e040)     _MotorTM
0000e044     381 (0000e040)     _IgbtTM
0000e046     381 (0000e040)     _Velo_Max
0000e048     381 (0000e040)     _id_Max
0000e04a     381 (0000e040)     _idc_Max
0000e04c     381 (0000e040)     _idSet_Max
0000e04e     381 (0000e040)     _UdcLimit_Set
0000e050     381 (0000e040)     _UdcLimit1_Set
0000e052     381 (0000e040)     _IsLimit_Set
0000e054     381 (0000e040)     _Us_M
0000e056     381 (0000e040)     _I_Add
0000e058     381 (0000e040)     _Velo_Start
0000e05a     381 (0000e040)     _UsSet
0000e05c     381 (0000e040)     _Is_DownAdd
0000e05e     381 (0000e040)     _Is_DownPerAdd
0000e060     381 (0000e040)     _Udc_Setg
0000e062     381 (0000e040)     _IstoTorque
0000e064     381 (0000e040)     _TorquetoIs
0000e066     381 (0000e040)     _TorqueAngle
0000e068     381 (0000e040)     _TorqueAngleA
0000e06a     381 (0000e040)     _Is_Add
0000e06c     381 (0000e040)     _Is_PerAdd
0000e06e     381 (0000e040)     _Velo_Add
0000e070     381 (0000e040)     _Velo_PerAdd
0000e072     381 (0000e040)     _Per_Ctrl
0000e074     381 (0000e040)     _Temp_Filter
0000e076     381 (0000e040)     _IsSet_Filter
0000e078     381 (0000e040)     _id_Filter
0000e07a     381 (0000e040)     _Velo_Filter
0000e07c     381 (0000e040)     _Udc_Filter
0000e07e     381 (0000e040)     _Id0

0000e080     382 (0000e080)     _Iq0
0000e082     382 (0000e080)     _Velo_Elec0
0000e084     382 (0000e080)     _Usa_Lock
0000e086     382 (0000e080)     _Usb_Lock
0000e088     382 (0000e080)     _Usc_Lock
0000e08a     382 (0000e080)     _Udc_Lock
0000e08c     382 (0000e080)     _Angle_ElecOpen
0000e08e     382 (0000e080)     _Um_OpenLoop
0000e090     382 (0000e080)     _Freq_OpenLoop
0000e092     382 (0000e080)     _Udc_OpenLoop
0000e094     382 (0000e080)     _VeloProtect1
0000e096     382 (0000e080)     _IdProtect1
0000e098     382 (0000e080)     _UdcOverProtect1
0000e09a     382 (0000e080)     _IdcOverProtect1
0000e09c     382 (0000e080)     _UdcLowEnable
0000e09e     382 (0000e080)     _Temp1OverProtect1
0000e0a0     382 (0000e080)     _Temp2OverProtect1
0000e0a2     382 (0000e080)     _IGBTProtect1
0000e0a4     382 (0000e080)     _RdcProtect1
0000e0a6     382 (0000e080)     _Rdc2Protect1
0000e0a8     382 (0000e080)     _ProtectNum
0000e0aa     382 (0000e080)     _Angle_Elec
0000e0ac     382 (0000e080)     _Com_angle_I
0000e0ae     382 (0000e080)     _Com_angle_U
0000e0b0     382 (0000e080)     _Velo_Elec
0000e0b2     382 (0000e080)     _Velo_Elec_Cal
0000e0b4     382 (0000e080)     _Velo_Elec_abs
0000e0b6     382 (0000e080)     _Velo_Set
0000e0b8     382 (0000e080)     _Veloover_Set
0000e0ba     382 (0000e080)     _setSpeed
0000e0bc     382 (0000e080)     _Pos_Set
0000e0be     382 (0000e080)     _Velo_Calc_Num

0000e0c0     383 (0000e0c0)     _Velotmp
0000e0c2     383 (0000e0c0)     _Isa
0000e0c4     383 (0000e0c0)     _Isb
0000e0c6     383 (0000e0c0)     _Isc
0000e0c8     383 (0000e0c0)     _Is
0000e0ca     383 (0000e0c0)     _Usa
0000e0cc     383 (0000e0c0)     _Usb
0000e0ce     383 (0000e0c0)     _Usc
0000e0d0     383 (0000e0c0)     _Us
0000e0d2     383 (0000e0c0)     _Udc_Mche
0000e0d4     383 (0000e0c0)     _Udc_Mche_realvalue
0000e0d6     383 (0000e0c0)     _Udc_Mche_1
0000e0d8     383 (0000e0c0)     _Udc_Mche0
0000e0da     383 (0000e0c0)     _Idc
0000e0dc     383 (0000e0c0)     _Idc0
0000e0de     383 (0000e0c0)     _Id
0000e0e0     383 (0000e0c0)     _Iq
0000e0e2     383 (0000e0c0)     _Id_Set
0000e0e4     383 (0000e0c0)     _Iq_Set
0000e0e6     383 (0000e0c0)     _Isdq_Set
0000e0e8     383 (0000e0c0)     _Isd_Set
0000e0ea     383 (0000e0c0)     _Isdq_Set1
0000e0ec     383 (0000e0c0)     _Isdq_Set2
0000e0ee     383 (0000e0c0)     _IdSet
0000e0f0     383 (0000e0c0)     _IdZ_Set
0000e0f2     383 (0000e0c0)     _IqZ_Set
0000e0f4     383 (0000e0c0)     _Ud
0000e0f6     383 (0000e0c0)     _Uq
0000e0f8     383 (0000e0c0)     _Us_Max
0000e0fa     383 (0000e0c0)     _Us_Alfa_Mche
0000e0fc     383 (0000e0c0)     _Us_Beta_Mche
0000e0fe     383 (0000e0c0)     _Ld

0000e100     384 (0000e100)     _Lq
0000e102     384 (0000e100)     _PHI
0000e104     384 (0000e100)     _Rs
0000e106     384 (0000e100)     _Mp
0000e108     384 (0000e100)     _Rp
0000e10a     384 (0000e100)     _p
0000e10c     384 (0000e100)     _U_Base
0000e10e     384 (0000e100)     _I_Base
0000e110     384 (0000e100)     _V_Base
0000e112     384 (0000e100)     _Off_Isc
0000e114     384 (0000e100)     _K_Isc
0000e116     384 (0000e100)     _Off_Isb
0000e118     384 (0000e100)     _K_Isb
0000e11a     384 (0000e100)     _Off_Isa
0000e11c     384 (0000e100)     _K_Isa
0000e11e     384 (0000e100)     _Off_Udc
0000e120     384 (0000e100)     _K_Udc
0000e122     384 (0000e100)     _Off_Idc
0000e124     384 (0000e100)     _K_Idc
0000e126     384 (0000e100)     _PWMA_a
0000e128     384 (0000e100)     _PWMA_b
0000e12a     384 (0000e100)     _PWMA_c
0000e12c     384 (0000e100)     _Temperature1
0000e12e     384 (0000e100)     _Temperature3
0000e130     384 (0000e100)     _Temperature5
0000e132     384 (0000e100)     _Temperature10
0000e134     384 (0000e100)     _Temperature30
0000e136     384 (0000e100)     _Temperature50
0000e138     384 (0000e100)     _Temperature1_Off
0000e13a     384 (0000e100)     _Temperature3_Off
0000e13c     384 (0000e100)     _Temperature5_Off
0000e13e     384 (0000e100)     _Temperature1_K

0000e140     385 (0000e140)     _Temperature3_K
0000e142     385 (0000e140)     _Temperature5_K
0000e144     385 (0000e140)     _pwma
0000e14c     385 (0000e140)     _SCIB
0000e156     385 (0000e140)     _CANB
0000e160     385 (0000e140)     _CANB2
0000e16a     385 (0000e140)     _phase_trans
0000e174     385 (0000e140)     _abctodq

0000e180     386 (0000e180)     _dqtoabc
0000e18c     386 (0000e180)     _pi_Pos

0000e1c0     387 (0000e1c0)     _pi_velo

0000e200     388 (0000e200)     _pi_Id_Kc

0000e240     389 (0000e240)     _pi_Iq_Kc

0000e280     38a (0000e280)     _pi_usLimit

0000e2c0     38b (0000e2c0)     _ECanaShadow

0000e300     38c (0000e300)     _EEPROM_BUFFER

0000e3dc     38f (0000e3c0)     _CAN_BUFFER_CTRL
0000e3e4     38f (0000e3c0)     _CAN_BUFFER_RX
0000e3ec     38f (0000e3c0)     _CAN_CHANGE_CTRL
0000e3f4     38f (0000e3c0)     _CAN_SET_VALUE
0000e3fc     38f (0000e3c0)     _pRdcAddr1
0000e3fe     38f (0000e3c0)     _pRdcAddr2

0000e400     390 (0000e400)     _RX_BUFFER

0000e4dc     393 (0000e4c0)     __unlock
0000e4de     393 (0000e4c0)     __lock
0000e4e0     393 (0000e4c0)     _SRBUF
0000e4e1     393 (0000e4c0)     _RxBUF
0000e4e2     393 (0000e4c0)     _SPIBUF

0000e500     394 (0000e500)     _SCI_RX_ALLBUFFER

0000e600     398 (0000e600)     _SCI_RX_BUFFER

0000e700     39c (0000e700)     _SCI_TX_BUFFER

0000e800     3a0 (0000e800)     _TX_BUFFER

0000e902     3a4 (0000e900)     __dtors_ptr
0000e904     3a4 (0000e900)     __cleanup_ptr

0000e980     3a6 (0000e980)     _CAN_BUFFER_RT

0000ea00     3a8 (0000ea00)     _ReceData

0000ea40     3a9 (0000ea40)     _SCI_ReceData

0000ea80     3aa (0000ea80)     _SCI_SendData

0000eac0     3ab (0000eac0)     _SendData

0000eb00     3ac (0000eb00)     _CAN_BUFFER_TX

0000eb40     3ad (0000eb40)     _CAN_BUFFER_CTRL_N

00318000    c600 (00318000)     _asine

0033fff8    cfff (0033ffc0)     _CsmPwl

00380090    e002 (00380080)     _PartIdRegs

003fe000    ff80 (003fe000)     _IQsinTable

003fe100    ff84 (003fe100)     _IQcosTable

003fe400    ff90 (003fe400)     _IQsinTableEnd

003fe502    ff94 (003fe500)     _IQcosTableEnd
003fe502    ff94 (003fe500)     _IQdivRoundSatTable
003fe510    ff94 (003fe500)     _IQdivTable

003fe712    ff9c (003fe700)     _IQdivTableEnd
003fe712    ff9c (003fe700)     _IQisqrtRoundSatTable
003fe712    ff9c (003fe700)     _IQsqrtRoundSatTable
003fe722    ff9c (003fe700)     _IQisqrtTable
003fe722    ff9c (003fe700)     _IQsqrtTable

003fe824    ffa0 (003fe800)     _IQatan2HalfPITable
003fe824    ffa0 (003fe800)     _IQisqrtTableEnd
003fe824    ffa0 (003fe800)     _IQsqrtTableEnd

003fe862    ffa1 (003fe840)     _IQatan2Table

003fe9e8    ffa7 (003fe9c0)     _IQ30mpyRndSatTable
003fe9e8    ffa7 (003fe9c0)     _IQatan2TableEnd
003fe9e8    ffa7 (003fe9c0)     _IQmpyRndSatTable
003fe9f4    ffa7 (003fe9c0)     _IQ29mpyRndSatTable

003fea00    ffa8 (003fea00)     _IQ28mpyRndSatTable
003fea0c    ffa8 (003fea00)     _IQ27mpyRndSatTable
003fea18    ffa8 (003fea00)     _IQ26mpyRndSatTable
003fea24    ffa8 (003fea00)     _IQ25mpyRndSatTable
003fea30    ffa8 (003fea00)     _IQ24mpyRndSatTable
003fea3c    ffa8 (003fea00)     _IQ23mpyRndSatTable

003fea48    ffa9 (003fea40)     _IQ22mpyRndSatTable
003fea54    ffa9 (003fea40)     _IQ21mpyRndSatTable
003fea60    ffa9 (003fea40)     _IQ20mpyRndSatTable
003fea6c    ffa9 (003fea40)     _IQ19mpyRndSatTable
003fea78    ffa9 (003fea40)     _IQ18mpyRndSatTable

003fea84    ffaa (003fea80)     _IQ17mpyRndSatTable
003fea90    ffaa (003fea80)     _IQ16mpyRndSatTable
003fea9c    ffaa (003fea80)     _IQ15mpyRndSatTable
003feaa8    ffaa (003fea80)     _IQ14mpyRndSatTable
003feab4    ffaa (003fea80)     _IQ13mpyRndSatTable

003feac0    ffab (003feac0)     _IQ12mpyRndSatTable
003feacc    ffab (003feac0)     _IQ11mpyRndSatTable
003fead8    ffab (003feac0)     _IQ10mpyRndSatTable
003feae4    ffab (003feac0)     _IQ9mpyRndSatTable
003feaf0    ffab (003feac0)     _IQ8mpyRndSatTable
003feafc    ffab (003feac0)     _IQ7mpyRndSatTable

003feb08    ffac (003feb00)     _IQ6mpyRndSatTable
003feb14    ffac (003feb00)     _IQ5mpyRndSatTable
003feb20    ffac (003feb00)     _IQ4mpyRndSatTable
003feb2c    ffac (003feb00)     _IQ3mpyRndSatTable
003feb38    ffac (003feb00)     _IQ2mpyRndSatTable

003feb44    ffad (003feb40)     _IQ1mpyRndSatTable
003feb50    ffad (003feb40)     _IQmpyRndSatTableEnd


GLOBAL SYMBOLS: SORTED ALPHABETICALLY BY Name 

page  address   name                    
----  -------   ----                    
0     00320000  .text                   
0     003231c6  C$$EXIT                 
0     0032330e  FD$$TOFS                
0     00323146  FS$$MPY                 
0     003232af  FS$$TOL                 
0     0000a006  _ABC2DQ_CALC            
0     00380080  _ADC_cal                
1     0000e024  _ADc_Idc                
1     0000e021  _ADc_Isa                
1     0000e022  _ADc_Isb                
1     0000e023  _ADc_Isc                
1     0000e026  _ADc_Temp0              
1     0000e027  _ADc_Temp2              
1     0000e028  _ADc_Temp4              
1     0000e025  _ADc_Udc                
1     00000b00  _AdcMirror              
1     00007100  _AdcRegs                
0     0000a25e  _Adc_Arith              
0     0000a24e  _Adc_Temp               
1     0000e01b  _Angle0_Q16             
0     0000a237  _AngleAdjust            
1     0000e0aa  _Angle_Elec             
1     0000e08c  _Angle_ElecOpen         
1     0000e01e  _Angle_Fa_Q16           
1     0000e01c  _Angle_Init_Digital     
1     0000e01d  _Angle_Init_Fa          
1     0000e01a  _Angle_Q16              
1     0000e00b  _Board2_Num             
1     0000e00a  _Board_Num              
0     003214eb  _CAN2_DataCombine_Rx    
0     003213f5  _CAN2_DataPackage_Tx    
1     0000e156  _CANB                   
1     0000e160  _CANB2                  
1     0000e3dc  _CAN_BUFFER_CTRL        
1     0000eb40  _CAN_BUFFER_CTRL_N      
1     0000e003  _CAN_BUFFER_CTRL_N_index
1     0000e005  _CAN_BUFFER_CTRL_Num    
1     0000e004  _CAN_BUFFER_CTRL_index  
1     0000e980  _CAN_BUFFER_RT          
1     0000e3e4  _CAN_BUFFER_RX          
1     0000eb00  _CAN_BUFFER_TX          
1     0000e3ec  _CAN_CHANGE_CTRL        
1     0000e006  _CAN_CONTROL            
0     00321473  _CAN_DataCombine_Rx     
0     00321377  _CAN_DataPackage_Tx     
1     0000e007  _CAN_Index              
1     0000e3f4  _CAN_SET_VALUE          
0     0032311e  _CalCRC16_Byte          
1     0000e002  _CanStop_Time           
0     003210a6  _Can_Ctrl               
0     00321563  _Can_Deal               
0     00321f18  _Can_Receive            
0     00009339  _Can_Rt_Data            
0     00321f2c  _Can_Send               
0     000096e0  _Can_Tx11_Data          
0     00009689  _Can_Tx13_Data          
0     00009592  _Can_Tx2_Data           
0     00009637  _Can_Tx4_Data           
0     000094ed  _Can_Tx_Data            
1     0000e008  _Choose_Mche            
1     0000e009  _Choose_Mode            
0     00321fba  _Cmd_Deal               
1     0000e0ac  _Com_angle_I            
1     0000e0ae  _Com_angle_U            
0     00008d39  _Control                
0     00008c4c  _ControlA               
1     0000e00c  _Control_Period         
1     00000c00  _CpuTimer0Regs          
1     00000c08  _CpuTimer1Regs          
1     00000c10  _CpuTimer2Regs          
0     0000a36d  _Cpu_Timer0_ISR         
1     0033fff8  _CsmPwl                 
1     00000ae0  _CsmRegs                
0     00322e8d  _CsmUnlock              
0     00008177  _Ctrl_Change            
1     0000e02b  _Ctrl_Flag              
0     0000a077  _DQ2ABC_CALC            
1     0000e00d  _Deadtime               
1     00000880  _DevEmuRegs             
0     00322dea  _DisableDog             
1     00001000  _DmaRegs                
1     00006040  _ECanaLAMRegs           
1     000060c0  _ECanaMOTORegs          
1     00006080  _ECanaMOTSRegs          
1     00006100  _ECanaMboxes            
1     00006000  _ECanaRegs              
1     0000e2c0  _ECanaShadow            
0     00009744  _ECana_T                
1     00006240  _ECanbLAMRegs           
1     000062c0  _ECanbMOTORegs          
1     00006280  _ECanbMOTSRegs          
1     00006300  _ECanbMboxes            
1     00006200  _ECanbRegs              
1     00006a00  _ECap1Regs              
1     00006a20  _ECap2Regs              
1     00006a40  _ECap3Regs              
1     00006a60  _ECap4Regs              
1     00006a80  _ECap5Regs              
1     00006aa0  _ECap6Regs              
1     0000e300  _EEPROM_BUFFER          
0     00321f60  _EEPROM_DataPackage     
0     0000a393  _EPWM1_INT_ISR          
1     00006800  _EPwm1Regs              
1     00006840  _EPwm2Regs              
1     00006880  _EPwm3Regs              
1     000068c0  _EPwm4Regs              
1     00006900  _EPwm5Regs              
1     00006940  _EPwm6Regs              
0     003230b2  _EPwmInt                
1     00006b00  _EQep1Regs              
1     00006b40  _EQep2Regs              
0     0000a3f2  _F28335_usDelay         
1     0000e029  _Fault_Flag             
1     00000a80  _FlashRegs              
0     00323111  _Float_Hex              
0     00009e8d  _Forbid_PWMA            
1     0000e090  _Freq_OpenLoop          
1     00006f80  _GpioCtrlRegs           
1     00006fc0  _GpioDataRegs           
1     00006fe0  _GpioIntRegs            
0     003230c3  _Hex_Double             
0     003230f1  _Hex_Float              
1     00007900  _I2caRegs               
1     0000e0a2  _IGBTProtect1           
0     003fead8  _IQ10mpyRndSatTable     
0     003feacc  _IQ11mpyRndSatTable     
0     003feac0  _IQ12mpyRndSatTable     
0     003feab4  _IQ13mpyRndSatTable     
0     003feaa8  _IQ14mpyRndSatTable     
0     003fea9c  _IQ15mpyRndSatTable     
0     003fea90  _IQ16mpyRndSatTable     
0     003fea84  _IQ17mpyRndSatTable     
0     003fea78  _IQ18mpyRndSatTable     
0     003fea6c  _IQ19mpyRndSatTable     
0     003feb44  _IQ1mpyRndSatTable      
0     003fea60  _IQ20mpyRndSatTable     
0     003fea54  _IQ21mpyRndSatTable     
0     003fea48  _IQ22mpyRndSatTable     
0     003fea3c  _IQ23mpyRndSatTable     
0     003fea30  _IQ24mpyRndSatTable     
0     003fea24  _IQ25mpyRndSatTable     
0     003fea18  _IQ26mpyRndSatTable     
0     003fea0c  _IQ27mpyRndSatTable     
0     003fea00  _IQ28mpyRndSatTable     
0     003fe9f4  _IQ29mpyRndSatTable     
0     003feb38  _IQ2mpyRndSatTable      
0     003fe9e8  _IQ30mpyRndSatTable     
0     003feb2c  _IQ3mpyRndSatTable      
0     003feb20  _IQ4mpyRndSatTable      
0     003feb14  _IQ5mpyRndSatTable      
0     003feb08  _IQ6mpyRndSatTable      
0     003feafc  _IQ7mpyRndSatTable      
0     003feaf0  _IQ8mpyRndSatTable      
0     003feae4  _IQ9mpyRndSatTable      
0     003fe824  _IQatan2HalfPITable     
0     003fe862  _IQatan2Table           
0     003fe9e8  _IQatan2TableEnd        
0     003fe100  _IQcosTable             
0     003fe502  _IQcosTableEnd          
0     003fe502  _IQdivRoundSatTable     
0     003fe510  _IQdivTable             
0     003fe712  _IQdivTableEnd          
0     003fe712  _IQisqrtRoundSatTable   
0     003fe722  _IQisqrtTable           
0     003fe824  _IQisqrtTableEnd        
0     003fe9e8  _IQmpyRndSatTable       
0     003feb50  _IQmpyRndSatTableEnd    
0     003fe000  _IQsinTable             
0     003fe400  _IQsinTableEnd          
0     003fe712  _IQsqrtRoundSatTable    
0     003fe722  _IQsqrtTable            
0     003fe824  _IQsqrtTableEnd         
1     0000e056  _I_Add                  
1     0000e10e  _I_Base                 
1     0000e0de  _Id                     
1     0000e07e  _Id0                    
1     0000e00f  _IdProtect              
1     0000e096  _IdProtect1             
1     0000e011  _IdProtectNum           
1     0000e0ee  _IdSet                  
1     0000e0f0  _IdZ_Set                
1     0000e0e2  _Id_Set                 
1     0000e0da  _Idc                    
1     0000e0dc  _Idc0                   
1     0000e015  _IdcOverProtect         
1     0000e09a  _IdcOverProtect1        
1     0000e03e  _Idq_Kc                 
1     0000e044  _IgbtTM                 
0     00322ef1  _InitAdc                
0     00322edb  _InitCpuTimer0          
0     00322eed  _InitCpuTimers          
0     0032296d  _InitECan               
0     00322f81  _InitECap               
0     00322f82  _InitEPwm               
0     00322fd7  _InitEPwmTimer          
0     00322ef0  _InitEQep               
0     0000a352  _InitFlash              
0     00322bab  _InitGpio               
0     00322e43  _InitPeripheralClocks   
0     00322ec0  _InitPeripherals        
0     00323272  _InitPieCtrl            
0     00323293  _InitPieVectTable       
0     00322df2  _InitPll                
0     00322f3f  _InitSci                
0     00009eb8  _InitSpi                
0     00322dd7  _InitSysCtrl            
0     00323097  _InitTzGpio             
0     00322f53  _InitXIntrupt           
0     0000a300  _InitXintf              
0     0000a10d  _Init_AD1210            
1     0000e0e0  _Iq                     
1     0000e080  _Iq0                    
1     0000e0f2  _IqZ_Set                
1     0000e0e4  _Iq_Set                 
1     0000e0c8  _Is                     
1     0000e052  _IsLimit_Set            
1     0000e076  _IsSet_Filter           
1     0000e06a  _Is_Add                 
1     0000e05c  _Is_DownAdd             
1     0000e05e  _Is_DownPerAdd          
1     0000e06c  _Is_PerAdd              
1     0000e0c2  _Isa                    
1     0000e0c4  _Isb                    
1     0000e0c6  _Isc                    
1     0000e0e8  _Isd_Set                
1     0000e0e6  _Isdq_Set               
1     0000e0ea  _Isdq_Set1              
1     0000e0ec  _Isdq_Set2              
1     0000e062  _IstoTorque             
1     0000e124  _K_Idc                  
1     0000e11c  _K_Isa                  
1     0000e118  _K_Isb                  
1     0000e114  _K_Isc                  
1     0000e120  _K_Udc                  
1     0000e03c  _K_Velo_Cal             
1     0000e0fe  _Ld                     
0     00008000  _Loop_Ctrl              
1     0000e100  _Lq                     
0     00320000  _MainLoop               
0     00008872  _Main_ControlA          
1     00005000  _McbspaRegs             
1     00005040  _McbspbRegs             
0     0000825a  _MeasureInitDigital     
0     00322dc3  _MemCopy                
1     0000e042  _MotorTM                
1     0000e106  _Mp                     
1     0000e122  _Off_Idc                
1     0000e11a  _Off_Isa                
1     0000e116  _Off_Isb                
1     0000e112  _Off_Isc                
1     0000e11e  _Off_Udc                
0     0000828a  _OpenLoop               
1     0000e102  _PHI                    
0     00009e2b  _PWMA_Update            
1     0000e126  _PWMA_a                 
1     0000e128  _PWMA_b                 
1     0000e12a  _PWMA_c                 
1     00380090  _PartIdRegs             
1     0000e072  _Per_Ctrl               
1     00000ce0  _PieCtrlRegs            
1     00000d00  _PieVectTable           
1     0000e0bc  _Pos_Set                
1     0000e0a8  _ProtectNum             
0     0000821e  _RCFilter               
0     0000a14a  _RDC_READ               
0     00009ec7  _RDSR_X25040            
0     00009fb3  _READ_X25040            
1     0000e400  _RX_BUFFER              
1     0000e040  _Radq                   
0     00325744  _RamfuncsLoadEnd0       
0     00325ef6  _RamfuncsLoadEnd1       
0     0032334e  _RamfuncsLoadStart0     
0     00325dc6  _RamfuncsLoadStart1     
0     00008000  _RamfuncsRunStart0      
0     0000a3f6  _RamfuncsRunStart1      
1     0000e019  _Rdc2Protect            
1     0000e0a6  _Rdc2Protect1           
1     0000e018  _RdcProtect             
1     0000e0a4  _RdcProtect1            
0     00008851  _Ready_Data             
0     00008313  _Ready_DataA            
1     0000ea00  _ReceData               
1     0000e108  _Rp                     
1     0000e104  _Rs                     
1     0000e001  _RunAllow_Flag          
0     000081d5  _RunLed                 
1     0000e00e  _Run_Led_Index          
1     0000e4e1  _RxBUF                  
1     0000e14c  _SCIB                   
1     0000e500  _SCI_RX_ALLBUFFER       
1     0000e600  _SCI_RX_BUFFER          
1     0000ea40  _SCI_ReceData           
1     0000ea80  _SCI_SendData           
1     0000e700  _SCI_TX_BUFFER          
1     0000e4e2  _SPIBUF                 
1     0000e4e0  _SRBUF                  
0     00009b24  _SVPWMA_Gen             
0     0000904d  _Sci_DataCombine_Rx     
0     00008fcd  _Sci_DataPackage_Tx     
1     00007050  _SciaRegs               
1     00007750  _ScibRegs               
0     00008e63  _ScibRxCheck            
0     0000a3e3  _ScibRxIsr              
0     00008e30  _ScibTxCheck            
0     0000a3d6  _ScibTxIsr              
1     00007770  _ScicRegs               
1     0000eac0  _SendData               
0     00322de0  _ServiceDog             
1     00007040  _SpiaRegs               
1     00007010  _SysCtrlRegs            
1     0000e02a  _Sys_Flag               
0     0000a0ef  _THREE2TWO_CALC         
1     0000e800  _TX_BUFFER              
0     003232ea  _TZ2_Fault_Isr          
1     0000e016  _Temp1OverProtect       
1     0000e09e  _Temp1OverProtect1      
1     0000e017  _Temp2OverProtect       
1     0000e0a0  _Temp2OverProtect1      
1     0000e074  _Temp_Filter            
1     0000e12c  _Temperature1           
1     0000e132  _Temperature10          
1     0000e13e  _Temperature1_K         
1     0000e138  _Temperature1_Off       
1     0000e12e  _Temperature3           
1     0000e134  _Temperature30          
1     0000e140  _Temperature3_K         
1     0000e13a  _Temperature3_Off       
1     0000e130  _Temperature5           
1     0000e136  _Temperature50          
1     0000e142  _Temperature5_K         
1     0000e13c  _Temperature5_Off       
1     0000e02c  _Time_Cal               
1     0000e066  _TorqueAngle            
1     0000e068  _TorqueAngleA           
1     0000e064  _TorquetoIs             
1     0000e10c  _U_Base                 
1     0000e0f4  _Ud                     
1     0000e050  _UdcLimit1_Set          
1     0000e04e  _UdcLimit_Set           
1     0000e09c  _UdcLowEnable           
1     0000e013  _UdcLowProtect          
1     0000e014  _UdcOverProtect         
1     0000e098  _UdcOverProtect1        
1     0000e07c  _Udc_Filter             
1     0000e08a  _Udc_Lock               
1     0000e0d2  _Udc_Mche               
1     0000e0d8  _Udc_Mche0              
1     0000e0d6  _Udc_Mche_1             
1     0000e0d4  _Udc_Mche_realvalue     
1     0000e092  _Udc_OpenLoop           
1     0000e060  _Udc_Setg               
1     0000e08e  _Um_OpenLoop            
1     0000e0f6  _Uq                     
1     0000e0d0  _Us                     
1     0000e05a  _UsSet                  
1     0000e0fa  _Us_Alfa_Mche           
1     0000e0fc  _Us_Beta_Mche           
1     0000e054  _Us_M                   
1     0000e0f8  _Us_Max                 
1     0000e0ca  _Usa                    
1     0000e084  _Usa_Lock               
1     0000e0cc  _Usb                    
1     0000e086  _Usb_Lock               
1     0000e0ce  _Usc                    
1     0000e088  _Usc_Lock               
1     0000e110  _V_Base                 
1     0000e030  _Vel_Speed              
1     0000e010  _VeloProtect            
1     0000e094  _VeloProtect1           
1     0000e012  _VeloProtectNum         
1     0000e06e  _Velo_Add               
1     0000e01f  _Velo_Avg_Index         
1     0000e0be  _Velo_Calc_Num          
1     0000e020  _Velo_Calc_flag         
1     0000e038  _Velo_Duty              
1     0000e03a  _Velo_Duty0             
1     0000e0b0  _Velo_Elec              
1     0000e082  _Velo_Elec0             
1     0000e0b2  _Velo_Elec_Cal          
1     0000e0b4  _Velo_Elec_abs          
1     0000e07a  _Velo_Filter            
1     0000e046  _Velo_Max               
1     0000e070  _Velo_PerAdd            
1     0000e0b6  _Velo_Set               
1     0000e058  _Velo_Start             
1     0000e0b8  _Veloover_Set           
1     0000e0c0  _Velotmp                
0     00009f12  _WRDI_X25040            
0     00009ef2  _WREN_X25040            
0     00009f55  _WRITE_X25040           
0     00009f32  _WRSR_X25040            
0     000090c2  _WriteEEProm            
1     0000e000  _WriteEEProm_Flag       
0     0000a3cd  _XINT1_Fault_Isr        
1     00007070  _XIntruptRegs           
1     00000b20  _XintfRegs              
0     0000a4ed  __IQ15toF               
0     0000a4c6  __IQ20cosPU             
0     0000a456  __IQ20div               
0     0000a512  __IQ20frac              
0     0000a51d  __IQ20int               
0     0000a3f6  __IQ20mag               
0     0000a501  __IQ20mpyI32int         
0     0000a49d  __IQ20sinPU             
0     0000a1da  __IQasin4PU             
0     0000a20a  __IQasinPU              
1     00000800  __STACK_END             
abs   00000400  __STACK_SIZE            
abs   ffffffff  ___TI_pprof_out_hndl    
abs   ffffffff  ___TI_prof_data_size    
abs   ffffffff  ___TI_prof_data_start   
abs   ffffffff  ___binit__              
abs   ffffffff  ___c_args__             
0     00325744  ___cinit__              
0     0032334e  ___etext__              
abs   ffffffff  ___pinit__              
0     00320000  ___text__               
1     0000e904  __cleanup_ptr           
1     0000e902  __dtors_ptr             
1     0000e4de  __lock                  
0     0032333d  __nop                   
0     0032333e  __register_lock         
0     00323342  __register_unlock       
1     0000e4dc  __unlock                
1     0000e174  _abctodq                
0     003231ea  _abort                  
0     00318000  _asine                  
0     003231c8  _atexit                 
0     003231eb  _c_int00                
1     0000e180  _dqtoabc                
0     003231a0  _exit                   
1     0000d080  _g_pusCrc16             
1     0000e04c  _idSet_Max              
1     0000e078  _id_Filter              
1     0000e048  _id_Max                 
1     0000e04a  _idc_Max                
1     0000d040  _m_PT_T                 
1     0000d000  _m_PT_V                 
0     00323231  _main                   
1     0000e10a  _p                      
1     0000e032  _pArcSin                
1     0000e3fc  _pRdcAddr1              
1     0000e3fe  _pRdcAddr2              
1     0000e02e  _p_EEProm_Buffer        
1     0000e16a  _phase_trans            
1     0000e200  _pi_Id_Kc               
1     0000e240  _pi_Iq_Kc               
1     0000e18c  _pi_Pos                 
0     0000a26e  _pi_reg_calc            
1     0000e280  _pi_usLimit             
1     0000e1c0  _pi_velo                
1     0000e144  _pwma                   
1     0000e034  _rdc1                   
1     0000e036  _rdc2                   
0     0032332e  _rsvd_ISR               
1     0000e0ba  _setSpeed               
abs   ffffffff  binit                   
0     00325744  cinit                   
0     0033fff6  code_start              
0     0032334e  etext                   
abs   ffffffff  pinit                   


GLOBAL SYMBOLS: SORTED BY Symbol Address 

page  address   name                    
----  -------   ----                    
0     00008000  _Loop_Ctrl              
0     00008000  _RamfuncsRunStart0      
0     00008177  _Ctrl_Change            
0     000081d5  _RunLed                 
0     0000821e  _RCFilter               
0     0000825a  _MeasureInitDigital     
0     0000828a  _OpenLoop               
0     00008313  _Ready_DataA            
0     00008851  _Ready_Data             
0     00008872  _Main_ControlA          
0     00008c4c  _ControlA               
0     00008d39  _Control                
0     00008e30  _ScibTxCheck            
0     00008e63  _ScibRxCheck            
0     00008fcd  _Sci_DataPackage_Tx     
0     0000904d  _Sci_DataCombine_Rx     
0     000090c2  _WriteEEProm            
0     00009339  _Can_Rt_Data            
0     000094ed  _Can_Tx_Data            
0     00009592  _Can_Tx2_Data           
0     00009637  _Can_Tx4_Data           
0     00009689  _Can_Tx13_Data          
0     000096e0  _Can_Tx11_Data          
0     00009744  _ECana_T                
0     00009b24  _SVPWMA_Gen             
0     00009e2b  _PWMA_Update            
0     00009e8d  _Forbid_PWMA            
0     00009eb8  _InitSpi                
0     00009ec7  _RDSR_X25040            
0     00009ef2  _WREN_X25040            
0     00009f12  _WRDI_X25040            
0     00009f32  _WRSR_X25040            
0     00009f55  _WRITE_X25040           
0     00009fb3  _READ_X25040            
0     0000a006  _ABC2DQ_CALC            
0     0000a077  _DQ2ABC_CALC            
0     0000a0ef  _THREE2TWO_CALC         
0     0000a10d  _Init_AD1210            
0     0000a14a  _RDC_READ               
0     0000a1da  __IQasin4PU             
0     0000a20a  __IQasinPU              
0     0000a237  _AngleAdjust            
0     0000a24e  _Adc_Temp               
0     0000a25e  _Adc_Arith              
0     0000a26e  _pi_reg_calc            
0     0000a300  _InitXintf              
0     0000a352  _InitFlash              
0     0000a36d  _Cpu_Timer0_ISR         
0     0000a393  _EPWM1_INT_ISR          
0     0000a3cd  _XINT1_Fault_Isr        
0     0000a3d6  _ScibTxIsr              
0     0000a3e3  _ScibRxIsr              
0     0000a3f2  _F28335_usDelay         
0     0000a3f6  _RamfuncsRunStart1      
0     0000a3f6  __IQ20mag               
0     0000a456  __IQ20div               
0     0000a49d  __IQ20sinPU             
0     0000a4c6  __IQ20cosPU             
0     0000a4ed  __IQ15toF               
0     0000a501  __IQ20mpyI32int         
0     0000a512  __IQ20frac              
0     0000a51d  __IQ20int               
0     00318000  _asine                  
0     00320000  .text                   
0     00320000  _MainLoop               
0     00320000  ___text__               
0     003210a6  _Can_Ctrl               
0     00321377  _CAN_DataPackage_Tx     
0     003213f5  _CAN2_DataPackage_Tx    
0     00321473  _CAN_DataCombine_Rx     
0     003214eb  _CAN2_DataCombine_Rx    
0     00321563  _Can_Deal               
0     00321f18  _Can_Receive            
0     00321f2c  _Can_Send               
0     00321f60  _EEPROM_DataPackage     
0     00321fba  _Cmd_Deal               
0     0032296d  _InitECan               
0     00322bab  _InitGpio               
0     00322dc3  _MemCopy                
0     00322dd7  _InitSysCtrl            
0     00322de0  _ServiceDog             
0     00322dea  _DisableDog             
0     00322df2  _InitPll                
0     00322e43  _InitPeripheralClocks   
0     00322e8d  _CsmUnlock              
0     00322ec0  _InitPeripherals        
0     00322edb  _InitCpuTimer0          
0     00322eed  _InitCpuTimers          
0     00322ef0  _InitEQep               
0     00322ef1  _InitAdc                
0     00322f3f  _InitSci                
0     00322f53  _InitXIntrupt           
0     00322f81  _InitECap               
0     00322f82  _InitEPwm               
0     00322fd7  _InitEPwmTimer          
0     00323097  _InitTzGpio             
0     003230b2  _EPwmInt                
0     003230c3  _Hex_Double             
0     003230f1  _Hex_Float              
0     00323111  _Float_Hex              
0     0032311e  _CalCRC16_Byte          
0     00323146  FS$$MPY                 
0     003231a0  _exit                   
0     003231c6  C$$EXIT                 
0     003231c8  _atexit                 
0     003231ea  _abort                  
0     003231eb  _c_int00                
0     00323231  _main                   
0     00323272  _InitPieCtrl            
0     00323293  _InitPieVectTable       
0     003232af  FS$$TOL                 
0     003232ea  _TZ2_Fault_Isr          
0     0032330e  FD$$TOFS                
0     0032332e  _rsvd_ISR               
0     0032333d  __nop                   
0     0032333e  __register_lock         
0     00323342  __register_unlock       
0     0032334e  _RamfuncsLoadStart0     
0     0032334e  ___etext__              
0     0032334e  etext                   
0     00325744  _RamfuncsLoadEnd0       
0     00325744  ___cinit__              
0     00325744  cinit                   
0     00325dc6  _RamfuncsLoadStart1     
0     00325ef6  _RamfuncsLoadEnd1       
0     0033fff6  code_start              
0     00380080  _ADC_cal                
0     003fe000  _IQsinTable             
0     003fe100  _IQcosTable             
0     003fe400  _IQsinTableEnd          
0     003fe502  _IQcosTableEnd          
0     003fe502  _IQdivRoundSatTable     
0     003fe510  _IQdivTable             
0     003fe712  _IQdivTableEnd          
0     003fe712  _IQisqrtRoundSatTable   
0     003fe712  _IQsqrtRoundSatTable    
0     003fe722  _IQisqrtTable           
0     003fe722  _IQsqrtTable            
0     003fe824  _IQatan2HalfPITable     
0     003fe824  _IQisqrtTableEnd        
0     003fe824  _IQsqrtTableEnd         
0     003fe862  _IQatan2Table           
0     003fe9e8  _IQ30mpyRndSatTable     
0     003fe9e8  _IQatan2TableEnd        
0     003fe9e8  _IQmpyRndSatTable       
0     003fe9f4  _IQ29mpyRndSatTable     
0     003fea00  _IQ28mpyRndSatTable     
0     003fea0c  _IQ27mpyRndSatTable     
0     003fea18  _IQ26mpyRndSatTable     
0     003fea24  _IQ25mpyRndSatTable     
0     003fea30  _IQ24mpyRndSatTable     
0     003fea3c  _IQ23mpyRndSatTable     
0     003fea48  _IQ22mpyRndSatTable     
0     003fea54  _IQ21mpyRndSatTable     
0     003fea60  _IQ20mpyRndSatTable     
0     003fea6c  _IQ19mpyRndSatTable     
0     003fea78  _IQ18mpyRndSatTable     
0     003fea84  _IQ17mpyRndSatTable     
0     003fea90  _IQ16mpyRndSatTable     
0     003fea9c  _IQ15mpyRndSatTable     
0     003feaa8  _IQ14mpyRndSatTable     
0     003feab4  _IQ13mpyRndSatTable     
0     003feac0  _IQ12mpyRndSatTable     
0     003feacc  _IQ11mpyRndSatTable     
0     003fead8  _IQ10mpyRndSatTable     
0     003feae4  _IQ9mpyRndSatTable      
0     003feaf0  _IQ8mpyRndSatTable      
0     003feafc  _IQ7mpyRndSatTable      
0     003feb08  _IQ6mpyRndSatTable      
0     003feb14  _IQ5mpyRndSatTable      
0     003feb20  _IQ4mpyRndSatTable      
0     003feb2c  _IQ3mpyRndSatTable      
0     003feb38  _IQ2mpyRndSatTable      
0     003feb44  _IQ1mpyRndSatTable      
0     003feb50  _IQmpyRndSatTableEnd    
1     00000800  __STACK_END             
1     00000880  _DevEmuRegs             
1     00000a80  _FlashRegs              
1     00000ae0  _CsmRegs                
1     00000b00  _AdcMirror              
1     00000b20  _XintfRegs              
1     00000c00  _CpuTimer0Regs          
1     00000c08  _CpuTimer1Regs          
1     00000c10  _CpuTimer2Regs          
1     00000ce0  _PieCtrlRegs            
1     00000d00  _PieVectTable           
1     00001000  _DmaRegs                
1     00005000  _McbspaRegs             
1     00005040  _McbspbRegs             
1     00006000  _ECanaRegs              
1     00006040  _ECanaLAMRegs           
1     00006080  _ECanaMOTSRegs          
1     000060c0  _ECanaMOTORegs          
1     00006100  _ECanaMboxes            
1     00006200  _ECanbRegs              
1     00006240  _ECanbLAMRegs           
1     00006280  _ECanbMOTSRegs          
1     000062c0  _ECanbMOTORegs          
1     00006300  _ECanbMboxes            
1     00006800  _EPwm1Regs              
1     00006840  _EPwm2Regs              
1     00006880  _EPwm3Regs              
1     000068c0  _EPwm4Regs              
1     00006900  _EPwm5Regs              
1     00006940  _EPwm6Regs              
1     00006a00  _ECap1Regs              
1     00006a20  _ECap2Regs              
1     00006a40  _ECap3Regs              
1     00006a60  _ECap4Regs              
1     00006a80  _ECap5Regs              
1     00006aa0  _ECap6Regs              
1     00006b00  _EQep1Regs              
1     00006b40  _EQep2Regs              
1     00006f80  _GpioCtrlRegs           
1     00006fc0  _GpioDataRegs           
1     00006fe0  _GpioIntRegs            
1     00007010  _SysCtrlRegs            
1     00007040  _SpiaRegs               
1     00007050  _SciaRegs               
1     00007070  _XIntruptRegs           
1     00007100  _AdcRegs                
1     00007750  _ScibRegs               
1     00007770  _ScicRegs               
1     00007900  _I2caRegs               
1     0000d000  _m_PT_V                 
1     0000d040  _m_PT_T                 
1     0000d080  _g_pusCrc16             
1     0000e000  _WriteEEProm_Flag       
1     0000e001  _RunAllow_Flag          
1     0000e002  _CanStop_Time           
1     0000e003  _CAN_BUFFER_CTRL_N_index
1     0000e004  _CAN_BUFFER_CTRL_index  
1     0000e005  _CAN_BUFFER_CTRL_Num    
1     0000e006  _CAN_CONTROL            
1     0000e007  _CAN_Index              
1     0000e008  _Choose_Mche            
1     0000e009  _Choose_Mode            
1     0000e00a  _Board_Num              
1     0000e00b  _Board2_Num             
1     0000e00c  _Control_Period         
1     0000e00d  _Deadtime               
1     0000e00e  _Run_Led_Index          
1     0000e00f  _IdProtect              
1     0000e010  _VeloProtect            
1     0000e011  _IdProtectNum           
1     0000e012  _VeloProtectNum         
1     0000e013  _UdcLowProtect          
1     0000e014  _UdcOverProtect         
1     0000e015  _IdcOverProtect         
1     0000e016  _Temp1OverProtect       
1     0000e017  _Temp2OverProtect       
1     0000e018  _RdcProtect             
1     0000e019  _Rdc2Protect            
1     0000e01a  _Angle_Q16              
1     0000e01b  _Angle0_Q16             
1     0000e01c  _Angle_Init_Digital     
1     0000e01d  _Angle_Init_Fa          
1     0000e01e  _Angle_Fa_Q16           
1     0000e01f  _Velo_Avg_Index         
1     0000e020  _Velo_Calc_flag         
1     0000e021  _ADc_Isa                
1     0000e022  _ADc_Isb                
1     0000e023  _ADc_Isc                
1     0000e024  _ADc_Idc                
1     0000e025  _ADc_Udc                
1     0000e026  _ADc_Temp0              
1     0000e027  _ADc_Temp2              
1     0000e028  _ADc_Temp4              
1     0000e029  _Fault_Flag             
1     0000e02a  _Sys_Flag               
1     0000e02b  _Ctrl_Flag              
1     0000e02c  _Time_Cal               
1     0000e02e  _p_EEProm_Buffer        
1     0000e030  _Vel_Speed              
1     0000e032  _pArcSin                
1     0000e034  _rdc1                   
1     0000e036  _rdc2                   
1     0000e038  _Velo_Duty              
1     0000e03a  _Velo_Duty0             
1     0000e03c  _K_Velo_Cal             
1     0000e03e  _Idq_Kc                 
1     0000e040  _Radq                   
1     0000e042  _MotorTM                
1     0000e044  _IgbtTM                 
1     0000e046  _Velo_Max               
1     0000e048  _id_Max                 
1     0000e04a  _idc_Max                
1     0000e04c  _idSet_Max              
1     0000e04e  _UdcLimit_Set           
1     0000e050  _UdcLimit1_Set          
1     0000e052  _IsLimit_Set            
1     0000e054  _Us_M                   
1     0000e056  _I_Add                  
1     0000e058  _Velo_Start             
1     0000e05a  _UsSet                  
1     0000e05c  _Is_DownAdd             
1     0000e05e  _Is_DownPerAdd          
1     0000e060  _Udc_Setg               
1     0000e062  _IstoTorque             
1     0000e064  _TorquetoIs             
1     0000e066  _TorqueAngle            
1     0000e068  _TorqueAngleA           
1     0000e06a  _Is_Add                 
1     0000e06c  _Is_PerAdd              
1     0000e06e  _Velo_Add               
1     0000e070  _Velo_PerAdd            
1     0000e072  _Per_Ctrl               
1     0000e074  _Temp_Filter            
1     0000e076  _IsSet_Filter           
1     0000e078  _id_Filter              
1     0000e07a  _Velo_Filter            
1     0000e07c  _Udc_Filter             
1     0000e07e  _Id0                    
1     0000e080  _Iq0                    
1     0000e082  _Velo_Elec0             
1     0000e084  _Usa_Lock               
1     0000e086  _Usb_Lock               
1     0000e088  _Usc_Lock               
1     0000e08a  _Udc_Lock               
1     0000e08c  _Angle_ElecOpen         
1     0000e08e  _Um_OpenLoop            
1     0000e090  _Freq_OpenLoop          
1     0000e092  _Udc_OpenLoop           
1     0000e094  _VeloProtect1           
1     0000e096  _IdProtect1             
1     0000e098  _UdcOverProtect1        
1     0000e09a  _IdcOverProtect1        
1     0000e09c  _UdcLowEnable           
1     0000e09e  _Temp1OverProtect1      
1     0000e0a0  _Temp2OverProtect1      
1     0000e0a2  _IGBTProtect1           
1     0000e0a4  _RdcProtect1            
1     0000e0a6  _Rdc2Protect1           
1     0000e0a8  _ProtectNum             
1     0000e0aa  _Angle_Elec             
1     0000e0ac  _Com_angle_I            
1     0000e0ae  _Com_angle_U            
1     0000e0b0  _Velo_Elec              
1     0000e0b2  _Velo_Elec_Cal          
1     0000e0b4  _Velo_Elec_abs          
1     0000e0b6  _Velo_Set               
1     0000e0b8  _Veloover_Set           
1     0000e0ba  _setSpeed               
1     0000e0bc  _Pos_Set                
1     0000e0be  _Velo_Calc_Num          
1     0000e0c0  _Velotmp                
1     0000e0c2  _Isa                    
1     0000e0c4  _Isb                    
1     0000e0c6  _Isc                    
1     0000e0c8  _Is                     
1     0000e0ca  _Usa                    
1     0000e0cc  _Usb                    
1     0000e0ce  _Usc                    
1     0000e0d0  _Us                     
1     0000e0d2  _Udc_Mche               
1     0000e0d4  _Udc_Mche_realvalue     
1     0000e0d6  _Udc_Mche_1             
1     0000e0d8  _Udc_Mche0              
1     0000e0da  _Idc                    
1     0000e0dc  _Idc0                   
1     0000e0de  _Id                     
1     0000e0e0  _Iq                     
1     0000e0e2  _Id_Set                 
1     0000e0e4  _Iq_Set                 
1     0000e0e6  _Isdq_Set               
1     0000e0e8  _Isd_Set                
1     0000e0ea  _Isdq_Set1              
1     0000e0ec  _Isdq_Set2              
1     0000e0ee  _IdSet                  
1     0000e0f0  _IdZ_Set                
1     0000e0f2  _IqZ_Set                
1     0000e0f4  _Ud                     
1     0000e0f6  _Uq                     
1     0000e0f8  _Us_Max                 
1     0000e0fa  _Us_Alfa_Mche           
1     0000e0fc  _Us_Beta_Mche           
1     0000e0fe  _Ld                     
1     0000e100  _Lq                     
1     0000e102  _PHI                    
1     0000e104  _Rs                     
1     0000e106  _Mp                     
1     0000e108  _Rp                     
1     0000e10a  _p                      
1     0000e10c  _U_Base                 
1     0000e10e  _I_Base                 
1     0000e110  _V_Base                 
1     0000e112  _Off_Isc                
1     0000e114  _K_Isc                  
1     0000e116  _Off_Isb                
1     0000e118  _K_Isb                  
1     0000e11a  _Off_Isa                
1     0000e11c  _K_Isa                  
1     0000e11e  _Off_Udc                
1     0000e120  _K_Udc                  
1     0000e122  _Off_Idc                
1     0000e124  _K_Idc                  
1     0000e126  _PWMA_a                 
1     0000e128  _PWMA_b                 
1     0000e12a  _PWMA_c                 
1     0000e12c  _Temperature1           
1     0000e12e  _Temperature3           
1     0000e130  _Temperature5           
1     0000e132  _Temperature10          
1     0000e134  _Temperature30          
1     0000e136  _Temperature50          
1     0000e138  _Temperature1_Off       
1     0000e13a  _Temperature3_Off       
1     0000e13c  _Temperature5_Off       
1     0000e13e  _Temperature1_K         
1     0000e140  _Temperature3_K         
1     0000e142  _Temperature5_K         
1     0000e144  _pwma                   
1     0000e14c  _SCIB                   
1     0000e156  _CANB                   
1     0000e160  _CANB2                  
1     0000e16a  _phase_trans            
1     0000e174  _abctodq                
1     0000e180  _dqtoabc                
1     0000e18c  _pi_Pos                 
1     0000e1c0  _pi_velo                
1     0000e200  _pi_Id_Kc               
1     0000e240  _pi_Iq_Kc               
1     0000e280  _pi_usLimit             
1     0000e2c0  _ECanaShadow            
1     0000e300  _EEPROM_BUFFER          
1     0000e3dc  _CAN_BUFFER_CTRL        
1     0000e3e4  _CAN_BUFFER_RX          
1     0000e3ec  _CAN_CHANGE_CTRL        
1     0000e3f4  _CAN_SET_VALUE          
1     0000e3fc  _pRdcAddr1              
1     0000e3fe  _pRdcAddr2              
1     0000e400  _RX_BUFFER              
1     0000e4dc  __unlock                
1     0000e4de  __lock                  
1     0000e4e0  _SRBUF                  
1     0000e4e1  _RxBUF                  
1     0000e4e2  _SPIBUF                 
1     0000e500  _SCI_RX_ALLBUFFER       
1     0000e600  _SCI_RX_BUFFER          
1     0000e700  _SCI_TX_BUFFER          
1     0000e800  _TX_BUFFER              
1     0000e902  __dtors_ptr             
1     0000e904  __cleanup_ptr           
1     0000e980  _CAN_BUFFER_RT          
1     0000ea00  _ReceData               
1     0000ea40  _SCI_ReceData           
1     0000ea80  _SCI_SendData           
1     0000eac0  _SendData               
1     0000eb00  _CAN_BUFFER_TX          
1     0000eb40  _CAN_BUFFER_CTRL_N      
1     0033fff8  _CsmPwl                 
1     00380090  _PartIdRegs             
abs   00000400  __STACK_SIZE            
abs   ffffffff  ___TI_pprof_out_hndl    
abs   ffffffff  ___TI_prof_data_size    
abs   ffffffff  ___TI_prof_data_start   
abs   ffffffff  ___binit__              
abs   ffffffff  ___c_args__             
abs   ffffffff  ___pinit__              
abs   ffffffff  binit                   
abs   ffffffff  pinit                   

[461 symbols]
